(
  ==
  11
  11
)
(
  ==
  7
  (
    +
    1
    (
      *
      2
      3
    )
  )
)
(
  ==
  5
  (
    +
    (
      *
      1
      2
    )
    3
  )
)
(
  ==
  120
  (
    *
    (
      *
      (
        *
        (
          *
          1
          2
        )
        3
      )
      4
    )
    5
  )
)
(
  ==
  6
  (
    +
    (
      +
      1
      2
    )
    3
  )
)
(
  ==
  22
  22
)
(
  ==
  22
  22
)
(
  ==
  3
  (
    +
    1
    2
  )
)
(
  ==
  9
  (
    *
    (
      +
      1
      2
    )
    3
  )
)
(
  ==
  10
  (
    +
    (
      +
      (
        +
        1
        2
      )
      3
    )
    4
  )
)
(
  ==
  10
  (
    +
    (
      +
      1
      (
        +
        2
        3
      )
    )
    4
  )
)
(
  ==
  10
  (
    +
    (
      +
      (
        +
        1
        2
      )
      3
    )
    4
  )
)
(
  ==
  10
  (
    +
    (
      +
      1
      (
        +
        2
        3
      )
    )
    4
  )
)
(
  ==
  -123
  -123
)
(
  ==
  -123
  (
    -
    123
  )
)
(
  ==
  -3
  (
    -
    (
      +
      1
      2
    )
  )
)
(
  ==
  -3
  (
    -
    (
      +
      (
        -
        -1
      )
      2
    )
  )
)
(
  ==
  3
  (
    -
    0
    (
      -
      3
    )
  )
)
(
  ==
  -3
  (
    -
    (
      -
      0
      (
        -
        3
      )
    )
  )
)
(
  ==
  -2
  (
    -
    (
      -
      1
      -1
    )
  )
)
(
  ==
  -3
  (
    -
    (
      -
      0
      (
        -
        (
          -
          (
            -
            3
          )
        )
      )
    )
  )
)
(
  ==
  -3
  (
    -
    (
      -
      0
      -3
    )
  )
)
(
  ==
  1
  (
    cos
    0
  )
)
(
  ==
  -1
  (
    cos
    PI
  )
)
(
  ==
  3.141592653589793
  (
    acos
    (
      cos
      PI
    )
  )
)
(
  ==
  (
    ==
    true
    (
      acos
      (
        cos
        PI
      )
    )
  )
  PI
)
